// Jest Snapshot v1, https://goo.gl/fbAQLP

exports[`Button component renders and matches the snapshot 1`] = `
<button
  onClick={[MockFunction]}
  type="button"
>
  Load more
</button>
`;
