// Jest Snapshot v1, https://goo.gl/fbAQLP

exports[`BookItem should show BookItem 1`] = `ShallowWrapper {}`;
